// Jest Snapshot v1, https://goo.gl/fbAQLP

exports[`Fix Search Header renders correctly 1`] = `
<Modal
  animationType="slide"
  hardwareAccelerated={false}
  onRequestClose={[Function]}
  transparent={true}
  visible={true}
>
  <View
    style={
      Object {
        "alignItems": "center",
        "backgroundColor": "rgba(0,0,0,0.5)",
        "flex": 1,
        "justifyContent": "flex-end",
        "marginBottom": 0,
      }
    }
  >
    <View
      style={
        Object {
          "alignItems": "flex-start",
          "backgroundColor": "white",
          "borderTopLeftRadius": 8,
          "borderTopRightRadius": 8,
          "elevation": 5,
          "marginTop": "15%",
          "padding": 15,
          "paddingTop": 20,
          "shadowColor": "#000",
          "shadowOffset": Object {
            "height": -2,
            "width": 1,
          },
          "shadowOpacity": 0.25,
          "shadowRadius": 4,
          "width": "100%",
        }
      }
    >
      <RCTScrollView
        collapsable={false}
        onGestureHandlerEvent={[Function]}
        onGestureHandlerStateChange={[Function]}
      >
        <View>
          <Text
            style={
              Object {
                "fontSize": 13,
                "fontStyle": "italic",
                "marginBottom": 10,
              }
            }
          >
            The information below is based on this craftsman's response to your fix request. Please validate any revision the craftsman may have made before accepting.
          </Text>
          <View
            style={
              Object {
                "display": "flex",
                "flexDirection": "row",
                "marginBottom": 15,
              }
            }
          >
            <Text
              allowFontScaling={false}
              library="MaterialIcons"
              style={
                Array [
                  Object {
                    "color": "#33343E",
                    "fontSize": 24,
                  },
                  Object {
                    "color": "#D4675A",
                    "transform": Array [
                      Object {
                        "rotate": "-25deg",
                      },
                    ],
                  },
                  Object {
                    "fontFamily": "Material Icons",
                    "fontStyle": "normal",
                    "fontWeight": "normal",
                  },
                  Object {},
                ]
              }
            >
              
            </Text>
            <View
              style={
                Array [
                  Object {
                    "flexBasis": 0,
                    "flexGrow": 1,
                    "flexShrink": 1,
                  },
                ]
              }
            >
              <Text
                color="dark"
                fontSize={24}
                fontWeight={400}
                justification="left"
                padding={3}
                style={
                  Array [
                    Object {
                      "color": "#1D1F2A",
                      "flexDirection": "row",
                      "fontFamily": "Raleway",
                      "fontSize": 24,
                      "fontWeight": "400",
                      "paddingBottom": 3,
                      "paddingLeft": 3,
                      "paddingRight": 3,
                      "paddingTop": 3,
                      "textAlign": "left",
                    },
                  ]
                }
              >
                Craftsman Selection
              </Text>
            </View>
          </View>
          <View
            style={
              Object {
                "alignItems": "center",
                "borderBottomColor": "rgba(0,0,0,0.5)",
                "borderBottomWidth": 1,
                "display": "flex",
                "flexDirection": "row",
                "marginBottom": 20,
                "paddingBottom": 20,
              }
            }
          >
            <View
              style={
                Object {
                  "backgroundColor": "#333",
                  "borderRadius": 100,
                  "height": 50,
                  "marginRight": 20,
                  "width": 50,
                }
              }
            />
            <View
              style={
                Object {
                  "alignItems": "center",
                  "display": "flex",
                  "flexDirection": "row",
                }
              }
            >
              <Text
                style={
                  Object {
                    "fontWeight": "bold",
                    "marginRight": 10,
                    "textTransform": "uppercase",
                  }
                }
              >
                
              </Text>
              <View
                margins="5px 10px 5px 0px"
                style={
                  Array [
                    Object {
                      "alignSelf": "flex-start",
                      "flexDirection": "row",
                      "marginBottom": 5,
                      "marginLeft": 0,
                      "marginRight": 10,
                      "marginTop": 5,
                    },
                  ]
                }
              >
                <Text
                  backgroundcolor="primary"
                  color="accent"
                  marginleft="0px"
                  style={
                    Array [
                      Object {
                        "backgroundColor": "#33343E",
                        "borderRadius": 4,
                        "color": "#FFD14A",
                        "marginLeft": 0,
                        "paddingBottom": 5,
                        "paddingLeft": 8,
                        "paddingRight": 8,
                        "paddingTop": 5,
                      },
                    ]
                  }
                >
                  
                </Text>
              </View>
            </View>
          </View>
          <Text
            style={
              Object {
                "fontSize": 20,
                "fontWeight": "bold",
                "marginBottom": 15,
                "textAlign": "left",
              }
            }
          >
            
          </Text>
          <Text
            style={
              Object {
                "fontSize": 17,
                "fontWeight": "bold",
              }
            }
          >
            Tags
          </Text>
          <View
            style={
              Object {
                "display": "flex",
                "flexDirection": "row",
                "flexWrap": "wrap",
              }
            }
          />
          <Text
            style={
              Object {
                "borderBottomColor": "rgba(0,0,0,0.5)",
                "borderBottomWidth": 1,
                "fontSize": 17,
                "fontWeight": "bold",
                "marginBottom": 15,
                "marginTop": 15,
                "textAlign": "left",
                "width": "100%",
              }
            }
          >
            Expected Delivery Date
          </Text>
          <View
            style={
              Object {
                "display": "flex",
                "flexDirection": "row",
              }
            }
          >
            <Text
              allowFontScaling={false}
              library="FontAwesome5"
              style={
                Array [
                  Object {
                    "color": "#33343E",
                    "fontSize": 25,
                  },
                  Object {
                    "marginRight": 10,
                    "marginTop": -5,
                  },
                  Object {
                    "fontFamily": "FontAwesome5Free-Regular",
                    "fontStyle": "normal",
                    "fontWeight": "normal",
                  },
                  Object {
                    "fontWeight": "400",
                  },
                ]
              }
            >
              
            </Text>
            <Text>
              
            </Text>
          </View>
          <Text
            style={
              Object {
                "borderBottomColor": "rgba(0,0,0,0.5)",
                "borderBottomWidth": 1,
                "fontSize": 17,
                "fontWeight": "bold",
                "marginBottom": 15,
                "marginTop": 15,
                "textAlign": "left",
                "width": "100%",
              }
            }
          >
            Budget
          </Text>
          <View
            style={
              Object {
                "alignItems": "flex-start",
                "flexDirection": "row",
                "justifyContent": "flex-start",
              }
            }
          >
            <Text
              allowFontScaling={false}
              library="FontAwesome5"
              style={
                Array [
                  Object {
                    "color": "#1D1F2A",
                    "fontSize": 20,
                  },
                  Object {
                    "marginRight": 5,
                  },
                  Object {
                    "fontFamily": "FontAwesome5Free-Solid",
                    "fontStyle": "normal",
                    "fontWeight": "normal",
                  },
                  Object {
                    "fontWeight": "900",
                  },
                ]
              }
            >
              
            </Text>
            <Text>
              
            </Text>
          </View>
          <Text
            style={
              Object {
                "borderBottomColor": "rgba(0,0,0,0.5)",
                "borderBottomWidth": 1,
                "fontSize": 17,
                "fontWeight": "bold",
                "marginBottom": 15,
                "marginTop": 15,
                "textAlign": "left",
                "width": "100%",
              }
            }
          >
            System Cost Estimate
          </Text>
          <View
            style={
              Object {
                "alignItems": "flex-start",
                "flexDirection": "row",
                "justifyContent": "flex-start",
              }
            }
          >
            <Text
              allowFontScaling={false}
              library="FontAwesome5"
              style={
                Array [
                  Object {
                    "color": "#1D1F2A",
                    "fontSize": 20,
                  },
                  Object {
                    "marginRight": 5,
                  },
                  Object {
                    "fontFamily": "FontAwesome5Free-Solid",
                    "fontStyle": "normal",
                    "fontWeight": "normal",
                  },
                  Object {
                    "fontWeight": "900",
                  },
                ]
              }
            >
              
            </Text>
            <Text>
              
            </Text>
          </View>
          <Text
            style={
              Object {
                "borderBottomColor": "rgba(0,0,0,0.5)",
                "borderBottomWidth": 1,
                "fontSize": 17,
                "fontWeight": "bold",
                "marginBottom": 15,
                "marginTop": 15,
                "textAlign": "left",
                "width": "100%",
              }
            }
          >
            Craftsman Comments
          </Text>
          <Text>
            
          </Text>
          <View
            style={
              Object {
                "alignSelf": "center",
                "backgroundColor": "#1D1F2A",
                "borderRadius": 8,
                "display": "flex",
                "flexDirection": "row",
                "marginTop": 20,
                "padding": 10,
              }
            }
          >
            <View
              accessible={true}
              focusable={true}
              onClick={[Function]}
              onResponderGrant={[Function]}
              onResponderMove={[Function]}
              onResponderRelease={[Function]}
              onResponderTerminate={[Function]}
              onResponderTerminationRequest={[Function]}
              onStartShouldSetResponder={[Function]}
              style={
                Object {
                  "alignItems": "center",
                  "alignSelf": "flex-start",
                  "backgroundColor": "#00000000",
                  "borderColor": "#FFD14A",
                  "borderRadius": 3,
                  "borderWidth": 1,
                  "flexDirection": "row",
                  "justifyContent": "center",
                  "marginBottom": 5,
                  "marginLeft": 5,
                  "marginRight": 5,
                  "marginTop": 5,
                  "opacity": 1,
                  "paddingBottom": 7,
                  "paddingLeft": 7,
                  "paddingRight": 7,
                  "paddingTop": 7,
                  "width": 150,
                }
              }
            >
              <View
                style={
                  Array [
                    Object {
                      "flexBasis": 0,
                      "flexGrow": 1,
                      "flexShrink": 1,
                    },
                  ]
                }
              >
                <Text
                  color="accent"
                  fontSize={17}
                  fontWeight={400}
                  justification="center"
                  padding={6}
                  style={
                    Array [
                      Object {
                        "color": "#FFD14A",
                        "flexDirection": "row",
                        "fontFamily": "Raleway",
                        "fontSize": 17,
                        "fontWeight": "400",
                        "paddingBottom": 6,
                        "paddingLeft": 6,
                        "paddingRight": 6,
                        "paddingTop": 6,
                        "textAlign": "center",
                      },
                    ]
                  }
                >
                  Dismiss
                </Text>
              </View>
            </View>
            <View
              accessible={true}
              focusable={true}
              onClick={[Function]}
              onResponderGrant={[Function]}
              onResponderMove={[Function]}
              onResponderRelease={[Function]}
              onResponderTerminate={[Function]}
              onResponderTerminationRequest={[Function]}
              onStartShouldSetResponder={[Function]}
              style={
                Object {
                  "alignItems": "center",
                  "alignSelf": "flex-start",
                  "backgroundColor": "#FFD14A",
                  "borderColor": "#FFD14A",
                  "borderRadius": 3,
                  "borderWidth": 1,
                  "flexDirection": "row",
                  "justifyContent": "center",
                  "marginBottom": 5,
                  "marginLeft": 5,
                  "marginRight": 5,
                  "marginTop": 5,
                  "opacity": 1,
                  "paddingBottom": 7,
                  "paddingLeft": 7,
                  "paddingRight": 7,
                  "paddingTop": 7,
                  "width": 150,
                }
              }
            >
              <View
                style={
                  Array [
                    Object {
                      "flexBasis": 0,
                      "flexGrow": 1,
                      "flexShrink": 1,
                    },
                  ]
                }
              >
                <Text
                  color="primary"
                  fontSize={17}
                  fontWeight={400}
                  justification="center"
                  padding={6}
                  style={
                    Array [
                      Object {
                        "color": "#33343E",
                        "flexDirection": "row",
                        "fontFamily": "Raleway",
                        "fontSize": 17,
                        "fontWeight": "400",
                        "paddingBottom": 6,
                        "paddingLeft": 6,
                        "paddingRight": 6,
                        "paddingTop": 6,
                        "textAlign": "center",
                      },
                    ]
                  }
                >
                  View Details
                </Text>
              </View>
            </View>
          </View>
        </View>
      </RCTScrollView>
    </View>
  </View>
</Modal>
`;
