// Jest Snapshot v1, https://goo.gl/fbAQLP

exports[`Form Next Page Arrows renders correctly 1`] = `
Array [
  <View
    style={
      Object {
        "alignItems": "flex-end",
        "bottom": 70,
        "elevation": 3,
        "flexGrow": 0,
        "opacity": 0,
        "position": "absolute",
        "right": 20,
        "transform": Array [
          Object {
            "scale": 1.1,
          },
        ],
        "zIndex": 3,
      }
    }
  />,
  <View
    accessible={true}
    focusable={true}
    onClick={[Function]}
    onResponderGrant={[Function]}
    onResponderMove={[Function]}
    onResponderRelease={[Function]}
    onResponderTerminate={[Function]}
    onResponderTerminationRequest={[Function]}
    onStartShouldSetResponder={[Function]}
    style={
      Object {
        "backgroundColor": "#1D1F2A",
        "borderRadius": 100,
        "bottom": 20,
        "elevation": 3,
        "height": 40,
        "opacity": 1,
        "paddingLeft": 10,
        "paddingTop": 7,
        "position": "absolute",
        "right": 20,
        "width": 40,
        "zIndex": 3,
      }
    }
    testID="fixTemplateNextOptionsBtn"
  >
    <Text
      allowFontScaling={false}
      library="FontAwesome5"
      style={
        Array [
          Object {
            "color": "#FFD14A",
            "fontSize": 24,
          },
          undefined,
          Object {
            "fontFamily": "FontAwesome5Free-Solid",
            "fontStyle": "normal",
            "fontWeight": "normal",
          },
          Object {
            "fontWeight": "900",
          },
        ]
      }
    >
      ÔÅ°
    </Text>
  </View>,
]
`;
